[fnf.run3.io/agoti/100/index.html]
[backblue.gif]
[fade.gif]
[index.html]
[fnf.run3.io/agoti/100/favicon.png]
[fnf.run3.io/agoti/100/assets/fonts/FridayNightFunkin-Regulard41d.eot]
[fnf.run3.io/agoti/100/assets/fonts/FridayNightFunkin-Regular.woff]
[fnf.run3.io/agoti/100/Funkin.js]
[fnf.run3.io/agoti/100/assets/fonts/FridayNightFunkin-Regular.ttf]
[fnf.run3.io/agoti/100/assets/fonts/FridayNightFunkin-Regular.svg]
[fnf.run3.io/agoti/100/assets/fonts/p5hattyd41d.eot]
[fnf.run3.io/agoti/100/assets/fonts/p5hatty.woff]
[fnf.run3.io/agoti/100/assets/fonts/p5hatty.ttf]
[fnf.run3.io/agoti/100/assets/fonts/p5hatty.svg]
[fnf.run3.io/agoti/100/assets/fonts/pixeld41d.eot]
[fnf.run3.io/agoti/100/assets/fonts/pixel.woff]
[fnf.run3.io/agoti/100/assets/fonts/pixel.otf]
[fnf.run3.io/agoti/100/assets/fonts/vcrd41d.eot]
[fnf.run3.io/agoti/100/assets/fonts/vcr.woff]
[fnf.run3.io/agoti/100/assets/fonts/vcr.ttf]
[fnf.run3.io/agoti/100/assets/fonts/vcr.svg]
[fnf.run3.io/agoti/100/flixel/fonts/nokiafc22d41d.eot]
[fnf.run3.io/agoti/100/flixel/fonts/nokiafc22.woff]
[fnf.run3.io/agoti/100/flixel/fonts/nokiafc22.ttf]
[fnf.run3.io/agoti/100/flixel/fonts/nokiafc22.svg]
[fnf.run3.io/agoti/100/flixel/fonts/monsterratd41d.eot]
[fnf.run3.io/agoti/100/flixel/fonts/monsterrat.woff]
[fnf.run3.io/agoti/100/flixel/fonts/monsterrat.ttf]
[fnf.run3.io/agoti/100/flixel/fonts/monsterrat.svg]
[fnf.run3.io/assets/css.css]
[fnf.run3.io/agoti/100/index.html]
[fnf.run3.io/agoti/100/assets/fonts/FridayNightFunkin-Regulard41d.html]
[fnf.run3.io/agoti/100/assets/fonts/FridayNightFunkin-Regular.html]
[fnf.run3.io/agoti/100/assets/fonts/FridayNightFunkin-Regular-2.html]
[fnf.run3.io/agoti/100/assets/fonts/p5hattyd41d.html]
[fnf.run3.io/agoti/100/assets/fonts/p5hatty.html]
[fnf.run3.io/agoti/100/assets/fonts/p5hatty-2.html]
[fnf.run3.io/agoti/100/assets/fonts/pixeld41d.html]
[fnf.run3.io/agoti/100/assets/fonts/pixel.html]
[fnf.run3.io/agoti/100/assets/fonts/vcrd41d.html]
[fnf.run3.io/agoti/100/assets/fonts/vcr.html]
[fnf.run3.io/agoti/100/assets/fonts/vcr-2.html]
[fnf.run3.io/agoti/100/flixel/fonts/nokiafc22d41d.html]
[fnf.run3.io/agoti/100/flixel/fonts/nokiafc22.html]
[fnf.run3.io/agoti/100/flixel/fonts/nokiafc22-2.html]
[fnf.run3.io/agoti/100/flixel/fonts/monsterratd41d.html]
[fnf.run3.io/agoti/100/flixel/fonts/monsterrat.html]
[fnf.run3.io/agoti/100/flixel/fonts/monsterrat-2.html]
[fnf.run3.io/assets/css.css]
[fnf.run3.io/assets/js.js]
